---
source: src/describe.rs
expression: describe
---
profile: tabular-data-package
resources:
  - profile: tabular-data-resource
    name: data
    row_count: 83192
    schema:
      fields:
        - name: _link
          type: string
          format: string
          stats:
            min_len: 8
            max_len: 12
            min_str: 0.data.0
            max_str: 999.data.9
            min_number: ~
            max_number: ~
            count: 83192
            empty_count: 0
            estimate_unique: 82252
            sum: ~
            mean: ~
        - name: _link_daily_16
          type: integer
          format: integer
          stats:
            min_len: 1
            max_len: 4
            min_str: "0"
            max_str: "999"
            min_number: 0
            max_number: 4998
            count: 83192
            empty_count: 0
            estimate_unique: 5102
            sum: 208553143
            mean: 2507
        - name: dt
          type: integer
          format: integer
          stats:
            min_len: 10
            max_len: 10
            min_str: "1489395600"
            max_str: "1490788800"
            min_number: 1489395600
            max_number: 1490788800
            count: 83192
            empty_count: 0
            estimate_unique: 333
            sum: 123963937516800
            mean: 1490094450
        - name: rain
          type: number
          format: number
          stats:
            min_len: 1
            max_len: 5
            min_str: "0.2"
            max_str: "95.19"
            min_number: 0
            max_number: 95
            count: 50409
            empty_count: 32783
            estimate_unique: 2186
            sum: 206983
            mean: 4
        - name: pressure
          type: number
          format: number
          stats:
            min_len: 3
            max_len: 7
            min_str: "1000"
            max_str: "999.99"
            min_number: 545
            max_number: 1050
            count: 83192
            empty_count: 0
            estimate_unique: 12531
            sum: 81331797
            mean: 978
        - name: humidity
          type: integer
          format: integer
          stats:
            min_len: 1
            max_len: 3
            min_str: "0"
            max_str: "99"
            min_number: 0
            max_number: 100
            count: 83192
            empty_count: 0
            estimate_unique: 93
            sum: 1152691
            mean: 14
        - name: uvi
          type: number
          format: number
          stats:
            min_len: 1
            max_len: 5
            min_str: "0.43"
            max_str: "9.99"
            min_number: 0
            max_number: 18
            count: 83192
            empty_count: 0
            estimate_unique: 1593
            sum: 456545
            mean: 5
        - name: speed
          type: number
          format: number
          stats:
            min_len: 1
            max_len: 5
            min_str: "0.04"
            max_str: "9.99"
            min_number: 0
            max_number: 19
            count: 83192
            empty_count: 0
            estimate_unique: 1349
            sum: 337692
            mean: 4
        - name: deg
          type: integer
          format: integer
          stats:
            min_len: 1
            max_len: 3
            min_str: "0"
            max_str: "99"
            min_number: 0
            max_number: 360
            count: 83192
            empty_count: 0
            estimate_unique: 362
            sum: 14358770
            mean: 173
        - name: clouds
          type: integer
          format: integer
          stats:
            min_len: 1
            max_len: 3
            min_str: "0"
            max_str: "99"
            min_number: 0
            max_number: 100
            count: 83192
            empty_count: 0
            estimate_unique: 102
            sum: 3061459
            mean: 37
        - name: temp_day
          type: number
          format: number
          stats:
            min_len: 3
            max_len: 6
            min_str: "246.7"
            max_str: "316.53"
            min_number: 247
            max_number: 317
            count: 83192
            empty_count: 0
            estimate_unique: 4750
            sum: 23834089
            mean: 286
        - name: temp_min
          type: number
          format: number
          stats:
            min_len: 3
            max_len: 6
            min_str: "239.15"
            max_str: "303"
            min_number: 239
            max_number: 303
            count: 83192
            empty_count: 0
            estimate_unique: 4667
            sum: 23280138
            mean: 280
        - name: temp_max
          type: number
          format: number
          stats:
            min_len: 3
            max_len: 6
            min_str: "246.7"
            max_str: "316.53"
            min_number: 247
            max_number: 317
            count: 83192
            empty_count: 0
            estimate_unique: 4752
            sum: 23873360
            mean: 287
        - name: temp_night
          type: number
          format: number
          stats:
            min_len: 3
            max_len: 6
            min_str: "240.31"
            max_str: "312.75"
            min_number: 240
            max_number: 313
            count: 83192
            empty_count: 0
            estimate_unique: 4550
            sum: 23409729
            mean: 281
        - name: temp_eve
          type: number
          format: number
          stats:
            min_len: 3
            max_len: 6
            min_str: "246.7"
            max_str: "313.01"
            min_number: 247
            max_number: 313
            count: 83192
            empty_count: 0
            estimate_unique: 4663
            sum: 23692753
            mean: 285
        - name: temp_morn
          type: number
          format: number
          stats:
            min_len: 3
            max_len: 6
            min_str: "239.15"
            max_str: "314.62"
            min_number: 239
            max_number: 315
            count: 83192
            empty_count: 0
            estimate_unique: 4684
            sum: 23355239
            mean: 281
        - name: snow
          type: number
          format: number
          stats:
            min_len: 1
            max_len: 5
            min_str: "0"
            max_str: "9.91"
            min_number: 0
            max_number: 47
            count: 13273
            empty_count: 69919
            estimate_unique: 686
            sum: 12980
            mean: 1
    path: fixtures/large/csv/data.csv
    dialect:
      delimiter: ","
      quoteChar: "\""

