---
source: src/query.rs
expression: data
---
[
    [
        Text(
            "a",
        ),
        Text(
            "b",
        ),
    ],
    [
        Text(
            "aa",
        ),
        Text(
            "bb",
        ),
    ],
    [
        Text(
            "aaa",
        ),
        Text(
            "bbb",
        ),
    ],
]
